2026-03-15 22:33:34,951 - INFO - Iniciando migración de socios...
2026-03-15 22:33:35,016 - INFO - Precargando relaciones en memoria...
2026-03-15 22:33:35,898 - INFO - Relaciones precargadas en memoria
2026-03-15 22:33:36,457 - INFO - DBF cargado en memoria. Total registros: 2682
2026-03-15 22:33:36,533 - WARNING - CUIT duplicado: 20. Registro omitido.
2026-03-15 22:33:36,582 - WARNING - CUIT duplicado: 20. Registro omitido.
2026-03-15 22:33:36,724 - WARNING - CUIT duplicado: 20. Registro omitido.
2026-03-15 22:33:36,826 - WARNING - CUIT duplicado: 20. Registro omitido.
2026-03-15 22:33:36,907 - WARNING - CUIT duplicado: 20. Registro omitido.
2026-03-15 22:33:36,920 - WARNING - CUIT duplicado: 20. Registro omitido.
2026-03-15 22:33:37,054 - WARNING - CUIT duplicado: 20. Registro omitido.
2026-03-15 22:33:37,057 - WARNING - CUIT duplicado: 23. Registro omitido.
2026-03-15 22:33:37,290 - WARNING - CUIT duplicado: 20. Registro omitido.
2026-03-15 22:33:37,303 - WARNING - CUIT duplicado: 20. Registro omitido.
2026-03-15 22:33:37,311 - WARNING - CUIT duplicado: 20. Registro omitido.
2026-03-15 22:33:37,313 - WARNING - CUIT duplicado: 20. Registro omitido.
2026-03-15 22:33:37,324 - WARNING - CUIT duplicado: 20. Registro omitido.
2026-03-15 22:33:37,353 - WARNING - CUIT duplicado: 27. Registro omitido.
2026-03-15 22:33:37,359 - WARNING - CUIT duplicado: 20. Registro omitido.
2026-03-15 22:33:37,365 - WARNING - CUIT duplicado: 20. Registro omitido.
2026-03-15 22:33:37,375 - WARNING - CUIT duplicado: 20. Registro omitido.
2026-03-15 22:33:37,378 - WARNING - CUIT duplicado: 27. Registro omitido.
2026-03-15 22:33:37,379 - WARNING - CUIT duplicado: 20. Registro omitido.
2026-03-15 22:33:37,389 - WARNING - CUIT duplicado: 27. Registro omitido.
2026-03-15 22:33:37,393 - WARNING - CUIT duplicado: 20. Registro omitido.
2026-03-15 22:33:37,409 - WARNING - CUIT duplicado: 20. Registro omitido.
2026-03-15 22:33:37,414 - WARNING - CUIT duplicado: 20. Registro omitido.
2026-03-15 22:33:37,417 - WARNING - CUIT duplicado: 20. Registro omitido.
2026-03-15 22:33:37,421 - WARNING - CUIT duplicado: 20. Registro omitido.
2026-03-15 22:33:37,423 - WARNING - CUIT duplicado: 20. Registro omitido.
2026-03-15 22:33:37,426 - WARNING - CUIT duplicado: 20. Registro omitido.
2026-03-15 22:33:37,435 - WARNING - CUIT duplicado: 27. Registro omitido.
2026-03-15 22:33:37,438 - WARNING - CUIT duplicado: 27. Registro omitido.
2026-03-15 22:33:37,447 - WARNING - CUIT duplicado: 20. Registro omitido.
2026-03-15 22:33:37,450 - WARNING - CUIT duplicado: 20. Registro omitido.
2026-03-15 22:33:37,453 - WARNING - CUIT duplicado: 20. Registro omitido.
2026-03-15 22:33:37,465 - WARNING - CUIT duplicado: 20. Registro omitido.
2026-03-15 22:33:37,486 - WARNING - CUIT duplicado: 23. Registro omitido.
2026-03-15 22:33:37,513 - WARNING - CUIT duplicado: 20. Registro omitido.
2026-03-15 22:33:37,520 - WARNING - CUIT duplicado: 20. Registro omitido.
2026-03-15 22:33:37,521 - WARNING - CUIT duplicado: 23. Registro omitido.
2026-03-15 22:33:37,525 - WARNING - CUIT duplicado: 20. Registro omitido.
2026-03-15 22:33:37,541 - WARNING - CUIT duplicado: 20. Registro omitido.
2026-03-15 22:33:37,553 - WARNING - CUIT duplicado: 20. Registro omitido.
2026-03-15 22:33:37,562 - WARNING - CUIT duplicado: 20. Registro omitido.
2026-03-15 22:33:37,564 - WARNING - CUIT duplicado: 27. Registro omitido.
2026-03-15 22:33:37,575 - WARNING - CUIT duplicado: 23. Registro omitido.
2026-03-15 22:33:37,583 - WARNING - CUIT duplicado: 20. Registro omitido.
2026-03-15 22:33:37,584 - WARNING - CUIT duplicado: 20. Registro omitido.
2026-03-15 22:33:37,587 - WARNING - CUIT duplicado: 27. Registro omitido.
2026-03-15 22:33:37,591 - WARNING - CUIT duplicado: 20. Registro omitido.
2026-03-15 22:33:37,601 - WARNING - CUIT duplicado: 20. Registro omitido.
2026-03-15 22:33:37,602 - WARNING - CUIT duplicado: 20. Registro omitido.
2026-03-15 22:33:37,621 - WARNING - CUIT duplicado: 20. Registro omitido.
2026-03-15 22:33:37,630 - WARNING - CUIT duplicado: 27. Registro omitido.
2026-03-15 22:33:37,632 - WARNING - CUIT duplicado: 27. Registro omitido.
2026-03-15 22:33:37,658 - WARNING - CUIT duplicado: 20. Registro omitido.
2026-03-15 22:33:37,668 - WARNING - CUIT duplicado: 20. Registro omitido.
2026-03-15 22:33:37,675 - WARNING - CUIT duplicado: 20. Registro omitido.
2026-03-15 22:33:37,698 - WARNING - CUIT duplicado: 20. Registro omitido.
2026-03-15 22:33:40,973 - WARNING - CUIT duplicado: 27. Registro omitido.
2026-03-15 22:33:41,001 - WARNING - CUIT duplicado: 23. Registro omitido.
2026-03-15 22:33:41,005 - WARNING - CUIT duplicado: 20. Registro omitido.
2026-03-15 22:33:41,014 - WARNING - CUIT duplicado: 20. Registro omitido.
2026-03-15 22:33:41,019 - WARNING - CUIT duplicado: 20. Registro omitido.
2026-03-15 22:33:41,043 - WARNING - CUIT duplicado: 27. Registro omitido.
2026-03-15 22:33:41,057 - WARNING - CUIT duplicado: 20. Registro omitido.
2026-03-15 22:33:41,061 - WARNING - CUIT duplicado: 27. Registro omitido.
2026-03-15 22:33:41,065 - WARNING - CUIT duplicado: 20. Registro omitido.
2026-03-15 22:33:41,067 - WARNING - CUIT duplicado: 20. Registro omitido.
2026-03-15 22:33:41,070 - WARNING - CUIT duplicado: 20. Registro omitido.
2026-03-15 22:33:41,071 - WARNING - CUIT duplicado: 27. Registro omitido.
2026-03-15 22:33:41,075 - WARNING - CUIT duplicado: 20. Registro omitido.
2026-03-15 22:33:41,080 - WARNING - CUIT duplicado: 27. Registro omitido.
2026-03-15 22:33:41,084 - WARNING - CUIT duplicado: 20. Registro omitido.
2026-03-15 22:33:41,099 - WARNING - CUIT duplicado: 27. Registro omitido.
2026-03-15 22:33:41,101 - WARNING - CUIT duplicado: 20. Registro omitido.
2026-03-15 22:33:41,121 - WARNING - CUIT duplicado: 23. Registro omitido.
2026-03-15 22:33:41,122 - WARNING - CUIT duplicado: 20. Registro omitido.
2026-03-15 22:33:41,132 - WARNING - CUIT duplicado: 20. Registro omitido.
2026-03-15 22:33:41,133 - WARNING - CUIT duplicado: 27. Registro omitido.
2026-03-15 22:33:41,134 - WARNING - CUIT duplicado: 20. Registro omitido.
2026-03-15 22:33:41,136 - WARNING - CUIT duplicado: 20. Registro omitido.
2026-03-15 22:33:41,150 - WARNING - CUIT duplicado: 20. Registro omitido.
2026-03-15 22:33:41,166 - WARNING - CUIT duplicado: 20. Registro omitido.
2026-03-15 22:33:41,168 - WARNING - CUIT duplicado: 27. Registro omitido.
2026-03-15 22:33:41,178 - WARNING - CUIT duplicado: 20. Registro omitido.
2026-03-15 22:33:41,181 - WARNING - CUIT duplicado: 27. Registro omitido.
2026-03-15 22:33:41,196 - WARNING - CUIT duplicado: 27. Registro omitido.
2026-03-15 22:33:41,206 - WARNING - CUIT duplicado: 27. Registro omitido.
2026-03-15 22:33:41,209 - WARNING - CUIT duplicado: 20. Registro omitido.
2026-03-15 22:33:41,213 - WARNING - CUIT duplicado: 23. Registro omitido.
2026-03-15 22:33:41,214 - WARNING - CUIT duplicado: 27. Registro omitido.
2026-03-15 22:33:41,217 - WARNING - CUIT duplicado: 20. Registro omitido.
2026-03-15 22:33:41,218 - WARNING - CUIT duplicado: 27. Registro omitido.
2026-03-15 22:33:41,239 - WARNING - CUIT duplicado: 27. Registro omitido.
2026-03-15 22:33:41,246 - WARNING - CUIT duplicado: 27. Registro omitido.
2026-03-15 22:33:41,251 - WARNING - CUIT duplicado: 27. Registro omitido.
2026-03-15 22:33:41,255 - WARNING - CUIT duplicado: 23. Registro omitido.
2026-03-15 22:33:41,256 - WARNING - CUIT duplicado: 27. Registro omitido.
2026-03-15 22:33:41,265 - WARNING - CUIT duplicado: 20. Registro omitido.
2026-03-15 22:33:41,266 - WARNING - CUIT duplicado: 20. Registro omitido.
2026-03-15 22:33:41,272 - WARNING - CUIT duplicado: 20. Registro omitido.
2026-03-15 22:33:41,273 - WARNING - CUIT duplicado: 20. Registro omitido.
2026-03-15 22:33:41,299 - WARNING - CUIT duplicado: 27. Registro omitido.
2026-03-15 22:33:41,302 - WARNING - CUIT duplicado: 20. Registro omitido.
2026-03-15 22:33:41,328 - WARNING - CUIT duplicado: 24. Registro omitido.
2026-03-15 22:33:41,329 - WARNING - CUIT duplicado: 20. Registro omitido.
2026-03-15 22:33:41,330 - WARNING - CUIT duplicado: 20. Registro omitido.
2026-03-15 22:33:41,342 - WARNING - CUIT duplicado: 20. Registro omitido.
2026-03-15 22:33:41,346 - WARNING - CUIT duplicado: 23. Registro omitido.
2026-03-15 22:33:41,353 - WARNING - CUIT duplicado: 20. Registro omitido.
2026-03-15 22:33:41,368 - WARNING - CUIT duplicado: 20. Registro omitido.
2026-03-15 22:33:41,370 - WARNING - CUIT duplicado: 27. Registro omitido.
2026-03-15 22:33:41,388 - WARNING - CUIT duplicado: 20. Registro omitido.
2026-03-15 22:33:41,393 - WARNING - CUIT duplicado: 27. Registro omitido.
2026-03-15 22:33:41,401 - WARNING - CUIT duplicado: 20. Registro omitido.
2026-03-15 22:33:41,404 - WARNING - CUIT duplicado: 20. Registro omitido.
2026-03-15 22:33:41,412 - WARNING - CUIT duplicado: 27. Registro omitido.
2026-03-15 22:33:41,420 - WARNING - CUIT duplicado: 20. Registro omitido.
2026-03-15 22:33:41,427 - WARNING - CUIT duplicado: 20. Registro omitido.
2026-03-15 22:33:41,437 - WARNING - CUIT duplicado: 20. Registro omitido.
2026-03-15 22:33:41,443 - WARNING - CUIT duplicado: 20. Registro omitido.
2026-03-15 22:33:41,451 - WARNING - CUIT duplicado: 20. Registro omitido.
2026-03-15 22:33:41,456 - WARNING - CUIT duplicado: 27. Registro omitido.
2026-03-15 22:33:41,462 - WARNING - CUIT duplicado: 23. Registro omitido.
2026-03-15 22:33:41,482 - WARNING - CUIT duplicado: 20. Registro omitido.
2026-03-15 22:33:41,497 - WARNING - CUIT duplicado: 20. Registro omitido.
2026-03-15 22:33:41,503 - WARNING - CUIT duplicado: 20. Registro omitido.
2026-03-15 22:33:41,505 - WARNING - CUIT duplicado: 20. Registro omitido.
2026-03-15 22:33:41,508 - WARNING - CUIT duplicado: 20. Registro omitido.
2026-03-15 22:33:41,514 - WARNING - CUIT duplicado: 20. Registro omitido.
2026-03-15 22:33:41,520 - WARNING - CUIT duplicado: 27. Registro omitido.
2026-03-15 22:33:41,531 - WARNING - CUIT duplicado: 27. Registro omitido.
2026-03-15 22:33:41,536 - WARNING - CUIT duplicado: 20. Registro omitido.
2026-03-15 22:33:41,538 - WARNING - CUIT duplicado: 27. Registro omitido.
2026-03-15 22:33:41,542 - WARNING - CUIT duplicado: 23. Registro omitido.
2026-03-15 22:33:41,544 - WARNING - CUIT duplicado: 27. Registro omitido.
2026-03-15 22:33:41,545 - WARNING - CUIT duplicado: 20. Registro omitido.
2026-03-15 22:33:41,547 - WARNING - CUIT duplicado: 27. Registro omitido.
2026-03-15 22:33:41,555 - WARNING - CUIT duplicado: 20. Registro omitido.
2026-03-15 22:33:41,567 - WARNING - CUIT duplicado: 27. Registro omitido.
2026-03-15 22:33:41,575 - WARNING - CUIT duplicado: 20. Registro omitido.
2026-03-15 22:33:41,577 - WARNING - CUIT duplicado: 20. Registro omitido.
2026-03-15 22:33:41,580 - WARNING - CUIT duplicado: 20. Registro omitido.
2026-03-15 22:33:41,585 - WARNING - CUIT duplicado: 20. Registro omitido.
2026-03-15 22:33:41,604 - WARNING - CUIT duplicado: 23. Registro omitido.
2026-03-15 22:33:41,606 - WARNING - CUIT duplicado: 23. Registro omitido.
2026-03-15 22:33:41,607 - WARNING - CUIT duplicado: 20. Registro omitido.
2026-03-15 22:33:41,613 - WARNING - CUIT duplicado: 20. Registro omitido.
2026-03-15 22:33:41,619 - WARNING - CUIT duplicado: 20. Registro omitido.
2026-03-15 22:33:41,628 - WARNING - CUIT duplicado: 20. Registro omitido.
2026-03-15 22:33:41,630 - WARNING - CUIT duplicado: 20. Registro omitido.
2026-03-15 22:33:41,634 - WARNING - CUIT duplicado: 27. Registro omitido.
2026-03-15 22:33:41,643 - WARNING - CUIT duplicado: 20. Registro omitido.
2026-03-15 22:33:41,664 - WARNING - CUIT duplicado: 20. Registro omitido.
2026-03-15 22:33:41,666 - WARNING - CUIT duplicado: 27. Registro omitido.
2026-03-15 22:33:41,674 - WARNING - CUIT duplicado: 20. Registro omitido.
2026-03-15 22:33:41,678 - WARNING - CUIT duplicado: 20. Registro omitido.
2026-03-15 22:33:41,690 - WARNING - CUIT duplicado: 20. Registro omitido.
2026-03-15 22:33:41,694 - WARNING - CUIT duplicado: 27. Registro omitido.
2026-03-15 22:33:41,697 - WARNING - CUIT duplicado: 20. Registro omitido.
2026-03-15 22:33:41,698 - WARNING - CUIT duplicado: 20. Registro omitido.
2026-03-15 22:33:41,702 - WARNING - CUIT duplicado: 20. Registro omitido.
2026-03-15 22:33:41,706 - WARNING - CUIT duplicado: 20. Registro omitido.
2026-03-15 22:33:41,712 - WARNING - CUIT duplicado: 20. Registro omitido.
2026-03-15 22:33:41,718 - WARNING - CUIT duplicado: 23. Registro omitido.
2026-03-15 22:33:41,732 - WARNING - CUIT duplicado: 20. Registro omitido.
2026-03-15 22:33:41,738 - WARNING - CUIT duplicado: 23. Registro omitido.
2026-03-15 22:33:41,747 - WARNING - CUIT duplicado: 20. Registro omitido.
2026-03-15 22:33:41,751 - WARNING - CUIT duplicado: 23. Registro omitido.
2026-03-15 22:33:41,756 - WARNING - CUIT duplicado: 20. Registro omitido.
2026-03-15 22:33:41,764 - WARNING - CUIT duplicado: 20. Registro omitido.
2026-03-15 22:33:41,768 - WARNING - CUIT duplicado: 20. Registro omitido.
2026-03-15 22:33:41,770 - WARNING - CUIT duplicado: 23. Registro omitido.
2026-03-15 22:33:41,791 - WARNING - CUIT duplicado: 20. Registro omitido.
2026-03-15 22:33:41,819 - WARNING - CUIT duplicado: 23. Registro omitido.
2026-03-15 22:33:41,819 - WARNING - CUIT duplicado: 27. Registro omitido.
2026-03-15 22:33:41,819 - WARNING - CUIT duplicado: 20. Registro omitido.
2026-03-15 22:33:41,831 - WARNING - CUIT duplicado: 20. Registro omitido.
2026-03-15 22:33:41,847 - WARNING - CUIT duplicado: 20. Registro omitido.
2026-03-15 22:33:41,847 - WARNING - CUIT duplicado: 20. Registro omitido.
2026-03-15 22:33:41,847 - WARNING - CUIT duplicado: 20. Registro omitido.
2026-03-15 22:33:41,878 - WARNING - CUIT duplicado: 20. Registro omitido.
2026-03-15 22:33:41,894 - WARNING - CUIT duplicado: 20. Registro omitido.
2026-03-15 22:33:41,894 - WARNING - CUIT duplicado: 20. Registro omitido.
2026-03-15 22:33:41,894 - WARNING - CUIT duplicado: 20. Registro omitido.
2026-03-15 22:33:41,910 - WARNING - CUIT duplicado: 20. Registro omitido.
2026-03-15 22:33:41,910 - WARNING - CUIT duplicado: 27. Registro omitido.
2026-03-15 22:33:41,926 - WARNING - CUIT duplicado: 20. Registro omitido.
2026-03-15 22:33:41,926 - WARNING - CUIT duplicado: 20. Registro omitido.
2026-03-15 22:33:41,926 - WARNING - CUIT duplicado: 20. Registro omitido.
2026-03-15 22:33:41,926 - WARNING - CUIT duplicado: 20. Registro omitido.
2026-03-15 22:33:41,958 - WARNING - CUIT duplicado: 27. Registro omitido.
2026-03-15 22:33:41,958 - WARNING - CUIT duplicado: 20. Registro omitido.
2026-03-15 22:33:41,958 - WARNING - CUIT duplicado: 27. Registro omitido.
2026-03-15 22:33:41,974 - WARNING - CUIT duplicado: 20. Registro omitido.
2026-03-15 22:33:41,975 - WARNING - CUIT duplicado: 20. Registro omitido.
2026-03-15 22:33:42,010 - WARNING - CUIT duplicado: 20. Registro omitido.
2026-03-15 22:33:42,021 - WARNING - CUIT duplicado: 20. Registro omitido.
2026-03-15 22:33:42,021 - WARNING - CUIT duplicado: 27. Registro omitido.
2026-03-15 22:33:42,055 - WARNING - CUIT duplicado: 20. Registro omitido.
2026-03-15 22:33:42,060 - WARNING - CUIT duplicado: 23. Registro omitido.
2026-03-15 22:33:42,060 - WARNING - CUIT duplicado: 20. Registro omitido.
2026-03-15 22:33:42,071 - WARNING - CUIT duplicado: 27. Registro omitido.
2026-03-15 22:33:42,083 - WARNING - CUIT duplicado: 27. Registro omitido.
2026-03-15 22:33:42,101 - WARNING - CUIT duplicado: 20. Registro omitido.
2026-03-15 22:33:42,103 - WARNING - CUIT duplicado: 27. Registro omitido.
2026-03-15 22:33:42,117 - WARNING - CUIT duplicado: 20. Registro omitido.
2026-03-15 22:33:42,123 - WARNING - CUIT duplicado: 20. Registro omitido.
2026-03-15 22:33:42,131 - WARNING - CUIT duplicado: 27. Registro omitido.
2026-03-15 22:33:44,726 - WARNING - CUIT duplicado: 20. Registro omitido.
2026-03-15 22:33:44,748 - WARNING - CUIT duplicado: None. Registro omitido.
2026-03-15 22:33:44,750 - WARNING - CUIT duplicado: None. Registro omitido.
2026-03-15 22:33:44,882 - WARNING - CUIT duplicado: None. Registro omitido.
2026-03-15 22:33:44,889 - WARNING - CUIT duplicado: None. Registro omitido.
2026-03-15 22:33:44,893 - WARNING - CUIT duplicado: None. Registro omitido.
2026-03-15 22:33:44,899 - WARNING - CUIT duplicado: None. Registro omitido.
2026-03-15 22:33:44,913 - WARNING - CUIT duplicado: 20000000001. Registro omitido.
2026-03-15 22:33:44,957 - WARNING - CUIT duplicado: None. Registro omitido.
2026-03-15 22:33:44,958 - WARNING - CUIT duplicado: None. Registro omitido.
2026-03-15 22:33:44,959 - WARNING - CUIT duplicado: None. Registro omitido.
2026-03-15 22:33:44,961 - WARNING - CUIT duplicado: None. Registro omitido.
2026-03-15 22:33:44,965 - WARNING - CUIT duplicado: None. Registro omitido.
2026-03-15 22:33:44,971 - WARNING - CUIT duplicado: None. Registro omitido.
2026-03-15 22:33:44,974 - WARNING - CUIT duplicado: None. Registro omitido.
2026-03-15 22:33:44,977 - WARNING - CUIT duplicado: None. Registro omitido.
2026-03-15 22:33:44,978 - WARNING - CUIT duplicado: None. Registro omitido.
2026-03-15 22:33:44,982 - WARNING - CUIT duplicado: None. Registro omitido.
2026-03-15 22:33:44,987 - WARNING - CUIT duplicado: None. Registro omitido.
2026-03-15 22:33:44,993 - WARNING - CUIT duplicado: None. Registro omitido.
2026-03-15 22:33:44,994 - WARNING - CUIT duplicado: None. Registro omitido.
2026-03-15 22:33:44,997 - WARNING - CUIT duplicado: None. Registro omitido.
2026-03-15 22:33:45,002 - WARNING - CUIT duplicado: None. Registro omitido.
2026-03-15 22:33:45,007 - WARNING - CUIT duplicado: None. Registro omitido.
2026-03-15 22:33:45,009 - WARNING - CUIT duplicado: None. Registro omitido.
2026-03-15 22:33:45,010 - WARNING - CUIT duplicado: None. Registro omitido.
2026-03-15 22:33:45,013 - WARNING - CUIT duplicado: None. Registro omitido.
2026-03-15 22:33:45,017 - WARNING - CUIT duplicado: None. Registro omitido.
2026-03-15 22:33:45,019 - WARNING - CUIT duplicado: None. Registro omitido.
2026-03-15 22:33:45,026 - WARNING - CUIT duplicado: None. Registro omitido.
2026-03-15 22:33:45,029 - WARNING - CUIT duplicado: None. Registro omitido.
2026-03-15 22:33:45,030 - WARNING - CUIT duplicado: None. Registro omitido.
2026-03-15 22:33:45,033 - WARNING - CUIT duplicado: None. Registro omitido.
2026-03-15 22:33:45,035 - WARNING - CUIT duplicado: None. Registro omitido.
2026-03-15 22:33:45,036 - WARNING - CUIT duplicado: None. Registro omitido.
2026-03-15 22:33:45,038 - WARNING - CUIT duplicado: None. Registro omitido.
2026-03-15 22:33:45,048 - WARNING - CUIT duplicado: None. Registro omitido.
2026-03-15 22:33:45,052 - WARNING - CUIT duplicado: None. Registro omitido.
2026-03-15 22:33:45,055 - WARNING - CUIT duplicado: None. Registro omitido.
2026-03-15 22:33:45,057 - WARNING - CUIT duplicado: None. Registro omitido.
2026-03-15 22:33:45,092 - WARNING - CUIT duplicado: None. Registro omitido.
2026-03-15 22:33:45,102 - WARNING - CUIT duplicado: 23327261754. Registro omitido.
2026-03-15 22:33:45,138 - WARNING - CUIT duplicado: None. Registro omitido.
2026-03-15 22:33:45,139 - WARNING - CUIT duplicado: None. Registro omitido.
2026-03-15 22:33:45,140 - WARNING - CUIT duplicado: None. Registro omitido.
2026-03-15 22:33:45,141 - WARNING - CUIT duplicado: None. Registro omitido.
2026-03-15 22:33:45,143 - WARNING - CUIT duplicado: None. Registro omitido.
2026-03-15 22:33:45,147 - WARNING - CUIT duplicado: None. Registro omitido.
2026-03-15 22:33:45,149 - WARNING - CUIT duplicado: None. Registro omitido.
2026-03-15 22:33:45,150 - WARNING - CUIT duplicado: None. Registro omitido.
2026-03-15 22:33:45,153 - WARNING - CUIT duplicado: None. Registro omitido.
2026-03-15 22:33:45,157 - WARNING - CUIT duplicado: None. Registro omitido.
2026-03-15 22:33:45,158 - WARNING - CUIT duplicado: None. Registro omitido.
2026-03-15 22:33:45,160 - WARNING - CUIT duplicado: None. Registro omitido.
2026-03-15 22:33:45,161 - WARNING - CUIT duplicado: None. Registro omitido.
2026-03-15 22:33:45,162 - WARNING - CUIT duplicado: None. Registro omitido.
2026-03-15 22:33:45,163 - WARNING - CUIT duplicado: None. Registro omitido.
2026-03-15 22:33:45,166 - WARNING - CUIT duplicado: 27. Registro omitido.
2026-03-15 22:33:45,167 - WARNING - CUIT duplicado: None. Registro omitido.
2026-03-15 22:33:45,168 - WARNING - CUIT duplicado: None. Registro omitido.
2026-03-15 22:33:45,169 - WARNING - CUIT duplicado: None. Registro omitido.
2026-03-15 22:33:45,171 - WARNING - CUIT duplicado: None. Registro omitido.
2026-03-15 22:33:45,172 - WARNING - CUIT duplicado: None. Registro omitido.
2026-03-15 22:33:45,173 - WARNING - CUIT duplicado: None. Registro omitido.
2026-03-15 22:33:45,175 - WARNING - CUIT duplicado: None. Registro omitido.
2026-03-15 22:33:45,176 - WARNING - CUIT duplicado: None. Registro omitido.
2026-03-15 22:33:45,177 - WARNING - CUIT duplicado: None. Registro omitido.
2026-03-15 22:33:45,183 - WARNING - CUIT duplicado: None. Registro omitido.
2026-03-15 22:33:45,184 - WARNING - CUIT duplicado: None. Registro omitido.
2026-03-15 22:33:45,186 - WARNING - CUIT duplicado: None. Registro omitido.
2026-03-15 22:33:45,187 - WARNING - CUIT duplicado: None. Registro omitido.
2026-03-15 22:33:45,188 - WARNING - CUIT duplicado: None. Registro omitido.
2026-03-15 22:33:45,190 - WARNING - CUIT duplicado: None. Registro omitido.
2026-03-15 22:33:45,192 - WARNING - CUIT duplicado: None. Registro omitido.
2026-03-15 22:33:45,198 - WARNING - CUIT duplicado: None. Registro omitido.
2026-03-15 22:33:45,199 - WARNING - CUIT duplicado: None. Registro omitido.
2026-03-15 22:33:45,202 - WARNING - CUIT duplicado: None. Registro omitido.
2026-03-15 22:33:45,219 - WARNING - CUIT duplicado: None. Registro omitido.
2026-03-15 22:33:45,221 - ERROR - Error procesando registro 7604: invalid literal for int() with base 10: '201660000000.0'
2026-03-15 22:33:45,223 - WARNING - CUIT duplicado: None. Registro omitido.
2026-03-15 22:33:45,224 - WARNING - CUIT duplicado: None. Registro omitido.
2026-03-15 22:33:45,227 - WARNING - CUIT duplicado: None. Registro omitido.
2026-03-15 22:33:45,230 - WARNING - CUIT duplicado: None. Registro omitido.
2026-03-15 22:33:45,232 - ERROR - Error procesando registro 7621: invalid literal for int() with base 10: '273030000000.0'
2026-03-15 22:33:45,233 - WARNING - CUIT duplicado: None. Registro omitido.
2026-03-15 22:33:45,234 - WARNING - CUIT duplicado: None. Registro omitido.
2026-03-15 22:33:45,246 - WARNING - CUIT duplicado: None. Registro omitido.
2026-03-15 22:33:45,255 - WARNING - CUIT duplicado: None. Registro omitido.
2026-03-15 22:33:45,284 - WARNING - CUIT duplicado: None. Registro omitido.
2026-03-15 22:33:45,297 - WARNING - CUIT duplicado: None. Registro omitido.
2026-03-15 22:33:45,298 - WARNING - CUIT duplicado: None. Registro omitido.
2026-03-15 22:33:45,319 - WARNING - CUIT duplicado: None. Registro omitido.
2026-03-15 22:33:45,320 - WARNING - CUIT duplicado: None. Registro omitido.
2026-03-15 22:33:45,330 - WARNING - CUIT duplicado: None. Registro omitido.
2026-03-15 22:33:45,332 - WARNING - CUIT duplicado: None. Registro omitido.
2026-03-15 22:33:45,333 - WARNING - CUIT duplicado: None. Registro omitido.
2026-03-15 22:33:45,334 - WARNING - CUIT duplicado: None. Registro omitido.
2026-03-15 22:33:45,335 - WARNING - CUIT duplicado: None. Registro omitido.
2026-03-15 22:33:45,336 - WARNING - CUIT duplicado: None. Registro omitido.
2026-03-15 22:33:45,338 - WARNING - CUIT duplicado: None. Registro omitido.
2026-03-15 22:33:45,339 - WARNING - CUIT duplicado: None. Registro omitido.
2026-03-15 22:33:45,340 - WARNING - CUIT duplicado: None. Registro omitido.
2026-03-15 22:33:45,342 - WARNING - CUIT duplicado: None. Registro omitido.
2026-03-15 22:33:45,344 - WARNING - CUIT duplicado: None. Registro omitido.
2026-03-15 22:33:45,345 - WARNING - CUIT duplicado: None. Registro omitido.
2026-03-15 22:33:45,346 - WARNING - CUIT duplicado: None. Registro omitido.
2026-03-15 22:33:45,352 - WARNING - CUIT duplicado: None. Registro omitido.
2026-03-15 22:33:45,354 - WARNING - CUIT duplicado: 27. Registro omitido.
2026-03-15 22:33:45,358 - WARNING - CUIT duplicado: None. Registro omitido.
2026-03-15 22:33:45,360 - WARNING - CUIT duplicado: None. Registro omitido.
2026-03-15 22:33:45,361 - WARNING - CUIT duplicado: None. Registro omitido.
2026-03-15 22:33:45,364 - WARNING - CUIT duplicado: None. Registro omitido.
2026-03-15 22:33:45,389 - WARNING - CUIT duplicado: None. Registro omitido.
2026-03-15 22:33:45,392 - WARNING - CUIT duplicado: None. Registro omitido.
2026-03-15 22:33:45,397 - WARNING - CUIT duplicado: None. Registro omitido.
2026-03-15 22:33:45,398 - WARNING - CUIT duplicado: None. Registro omitido.
2026-03-15 22:33:45,399 - WARNING - CUIT duplicado: None. Registro omitido.
2026-03-15 22:33:45,400 - WARNING - CUIT duplicado: None. Registro omitido.
2026-03-15 22:33:45,403 - WARNING - CUIT duplicado: None. Registro omitido.
2026-03-15 22:33:45,404 - WARNING - CUIT duplicado: None. Registro omitido.
2026-03-15 22:33:45,407 - WARNING - CUIT duplicado: None. Registro omitido.
2026-03-15 22:33:45,412 - WARNING - CUIT duplicado: None. Registro omitido.
2026-03-15 22:33:45,414 - WARNING - CUIT duplicado: None. Registro omitido.
2026-03-15 22:33:45,417 - WARNING - CUIT duplicado: None. Registro omitido.
2026-03-15 22:33:45,419 - WARNING - CUIT duplicado: None. Registro omitido.
2026-03-15 22:33:45,420 - WARNING - CUIT duplicado: None. Registro omitido.
2026-03-15 22:33:45,421 - WARNING - CUIT duplicado: None. Registro omitido.
2026-03-15 22:33:45,425 - WARNING - CUIT duplicado: None. Registro omitido.
2026-03-15 22:33:45,431 - WARNING - CUIT duplicado: None. Registro omitido.
2026-03-15 22:33:45,432 - WARNING - CUIT duplicado: None. Registro omitido.
2026-03-15 22:33:45,437 - WARNING - CUIT duplicado: None. Registro omitido.
2026-03-15 22:33:45,449 - WARNING - CUIT duplicado: None. Registro omitido.
2026-03-15 22:33:45,461 - WARNING - CUIT duplicado: None. Registro omitido.
2026-03-15 22:33:45,464 - WARNING - CUIT duplicado: None. Registro omitido.
2026-03-15 22:33:45,469 - ERROR - Error procesando registro 9050: invalid literal for int() with base 10: '273680000000.0'
2026-03-15 22:33:45,487 - WARNING - CUIT duplicado: None. Registro omitido.
2026-03-15 22:33:45,491 - WARNING - CUIT duplicado: None. Registro omitido.
2026-03-15 22:33:45,507 - WARNING - CUIT duplicado: None. Registro omitido.
2026-03-15 22:33:45,508 - WARNING - CUIT duplicado: None. Registro omitido.
2026-03-15 22:33:45,510 - WARNING - CUIT duplicado: None. Registro omitido.
2026-03-15 22:33:45,520 - ERROR - Error procesando registro 9089: invalid literal for int() with base 10: '234420000000.0'
2026-03-15 22:33:45,530 - ERROR - Error procesando registro 9097: invalid literal for int() with base 10: '273540000000.0'
2026-03-15 22:33:45,533 - WARNING - CUIT duplicado: None. Registro omitido.
2026-03-15 22:33:47,217 - INFO - Migración completada. Total registros procesados: 2332/2682. Tiempo: 12.27 segundos
